// Jest Snapshot v1, https://goo.gl/fbAQLP

exports[`Snapshots Branch: default. It verify if non-intentional changes were made. 1`] = `
<div
  id="recipe-filters"
>
  <div
    class="d-inline-block mr-4 mt-3 custom-control custom-switch"
  >
    <input
      class="custom-control-input"
      disabled="disabled"
      id="language-0"
      name="check-button"
      type="checkbox"
      value="true"
    />
    <label
      class="custom-control-label"
      for="language-0"
    >
      
    
  
    </label>
  </div>
  <div
    class="d-inline-block mr-4 mt-3 custom-control custom-switch"
  >
    <input
      class="custom-control-input"
      id="language-1"
      name="check-button"
      type="checkbox"
      value="true"
    />
    <label
      class="custom-control-label"
      for="language-1"
    >
      
    
  
    </label>
  </div>
   
  <div
    class="mt-4"
  >
    <label
      for="range-1"
    >
      
    </label>
     
    <input
      class="custom-range"
      id="range-1"
      max="1000"
      min="0"
      type="range"
    />
     
    <div>
      : 0
    </div>
  </div>
   
  <fieldset
    class="form-group mt-4"
    for=""
    id="label-"
  >
    <legend
      class="bv-no-focus-ring col-form-label pt-0"
      id="label-__BV_label_"
      tabindex="-1"
    >
      
    
    
      <!---->
    </legend>
    <div>
       
      <select
        class="custom-select"
        id="__BVID__21"
      >
        <option
          value=""
        >
          null
        </option>
        <option
          value="appetizers-and-snacks"
        >
          Appetizers & Snacks
        </option>
        <option
          value="breakfast-and-brunch"
        >
          Breakfast & Brunch
        </option>
        <option
          value="desserts"
        >
          Desserts
        </option>
        <option
          value="dinner"
        >
          Dinner
        </option>
        <option
          value="drinks"
        >
          Drinks
        </option>
        <option
          value="lunch"
        >
          Lunch
        </option>
      </select>
       
      <div
        class="invalid-feedback"
      >
        
    
  
      </div>
       
      <!---->
      <!---->
      <!---->
      <!---->
    </div>
  </fieldset>
   
  <button
    class="btn mt-4 btn-secondary"
    type="button"
  >
    <svg
      aria-label="trash2"
      class="bi-trash2 b-icon bi"
      fill="currentColor"
      focusable="false"
      height="1em"
      role="img"
      viewBox="0 0 16 16"
      width="1em"
      xmlns="http://www.w3.org/2000/svg"
    >
      <g>
        <path
          d="M14 3a.702.702 0 0 1-.037.225l-1.684 10.104A2 2 0 0 1 10.305 15H5.694a2 2 0 0 1-1.973-1.671L2.037 3.225A.703.703 0 0 1 2 3c0-1.105 2.686-2 6-2s6 .895 6 2zM3.215 4.207l1.493 8.957a1 1 0 0 0 .986.836h4.612a1 1 0 0 0 .986-.836l1.493-8.957C11.69 4.689 9.954 5 8 5c-1.954 0-3.69-.311-4.785-.793z"
        />
      </g>
    </svg>
    
    
  </button>
</div>
`;
